// Jest Snapshot v1, https://goo.gl/fbAQLP

exports[`Favorites component renders correctly 1`] = `
ShallowWrapper {
  Symbol(enzyme.__root__): [Circular],
  Symbol(enzyme.__unrendered__): <Favorites
    dogData={Array []}
  />,
  Symbol(enzyme.__renderer__): Object {
    "batchedUpdates": [Function],
    "getNode": [Function],
    "render": [Function],
    "simulateError": [Function],
    "simulateEvent": [Function],
    "unmount": [Function],
  },
  Symbol(enzyme.__node__): Object {
    "instance": null,
    "key": undefined,
    "nodeType": "function",
    "props": Object {
      "children": Array [
        <div
          className="alert alert-info"
        >
          Click on the picture to remove dog from Your favorites!
        </div>,
        <div
          className="container-fluid"
        >
          You don't like any dog :(
        </div>,
      ],
    },
    "ref": null,
    "rendered": Array [
      Object {
        "instance": null,
        "key": undefined,
        "nodeType": "host",
        "props": Object {
          "children": "Click on the picture to remove dog from Your favorites!",
          "className": "alert alert-info",
        },
        "ref": null,
        "rendered": "Click on the picture to remove dog from Your favorites!",
        "type": "div",
      },
      Object {
        "instance": null,
        "key": undefined,
        "nodeType": "host",
        "props": Object {
          "children": "You don't like any dog :(",
          "className": "container-fluid",
        },
        "ref": null,
        "rendered": "You don't like any dog :(",
        "type": "div",
      },
    ],
    "type": Symbol(react.fragment),
  },
  Symbol(enzyme.__nodes__): Array [
    Object {
      "instance": null,
      "key": undefined,
      "nodeType": "function",
      "props": Object {
        "children": Array [
          <div
            className="alert alert-info"
          >
            Click on the picture to remove dog from Your favorites!
          </div>,
          <div
            className="container-fluid"
          >
            You don't like any dog :(
          </div>,
        ],
      },
      "ref": null,
      "rendered": Array [
        Object {
          "instance": null,
          "key": undefined,
          "nodeType": "host",
          "props": Object {
            "children": "Click on the picture to remove dog from Your favorites!",
            "className": "alert alert-info",
          },
          "ref": null,
          "rendered": "Click on the picture to remove dog from Your favorites!",
          "type": "div",
        },
        Object {
          "instance": null,
          "key": undefined,
          "nodeType": "host",
          "props": Object {
            "children": "You don't like any dog :(",
            "className": "container-fluid",
          },
          "ref": null,
          "rendered": "You don't like any dog :(",
          "type": "div",
        },
      ],
      "type": Symbol(react.fragment),
    },
  ],
  Symbol(enzyme.__options__): Object {
    "adapter": ReactSixteenAdapter {
      "options": Object {
        "enableComponentDidUpdateOnSetState": true,
        "lifecycles": Object {
          "componentDidUpdate": Object {
            "onSetState": true,
          },
          "getDerivedStateFromProps": true,
          "getSnapshotBeforeUpdate": true,
          "setState": Object {
            "skipsComponentDidUpdateOnNullish": true,
          },
        },
      },
    },
  },
}
`;
